--- 
http_interactions: 
- request: 
    method: get
    uri: http://localhost:3001/api
    body: 
      encoding: US-ASCII
      string: ""
    headers: 
      Accept: 
      - application/xml
      Authorization: 
      - Basic bW9ja3VzZXI6bW9ja3Bhc3N3b3Jk
      User-Agent: 
      - Faraday v0.8.6
  response: 
    status: 
      code: 200
      message: 
    headers: 
      content-type: 
      - application/xml
      server: 
      - Apache-Deltacloud/1.1.1
      x-deltacloud-driver: 
      - mock
      content-length: 
      - "1368"
      x-content-type-options: 
      - nosniff
      etag: 
      - e43d25244dc2b8ce1da6fa91131507ee
      cache-control: 
      - max-age=0, private, must-revalidate
      date: 
      - Mon, 04 Mar 2013 19:51:00 GMT
      connection: 
      - close
    body: 
      encoding: US-ASCII
      string: |
        <api driver='mock' version='1.1.1'>
          <link href='http://localhost:3001/api/instance_states' rel='instance_states'>
          </link>
          <link href='http://localhost:3001/api/storage_volumes' rel='storage_volumes'>
          </link>
          <link href='http://localhost:3001/api/metrics' rel='metrics'>
          </link>
          <link href='http://localhost:3001/api/hardware_profiles' rel='hardware_profiles'>
          </link>
          <link href='http://localhost:3001/api/instances' rel='instances'>
            <feature name='metrics' rel='create'>
              <param name='metrics' />
            </feature>
            <feature name='realm_filter' rel='index'>
              <param name='realm_id' />
            </feature>
            <feature name='user_name' rel='create'>
              <param name='name' />
            </feature>
            <feature name='authentication_key' rel='create'>
              <param name='keyname' />
            </feature>
          </link>
          <link href='http://localhost:3001/api/realms' rel='realms'>
          </link>
          <link href='http://localhost:3001/api/storage_snapshots' rel='storage_snapshots'>
          </link>
          <link href='http://localhost:3001/api/images' rel='images'>
          </link>
          <link href='http://localhost:3001/api/addresses' rel='addresses'>
          </link>
          <link href='http://localhost:3001/api/drivers' rel='drivers'>
          </link>
          <link href='http://localhost:3001/api/buckets' rel='buckets'>
          </link>
          <link href='http://localhost:3001/api/keys' rel='keys'>
          </link>
        </api>

    http_version: 
  recorded_at: Mon, 04 Mar 2013 19:51:00 GMT
- request: 
    method: get
    uri: http://localhost:3001/api/addresses
    body: 
      encoding: US-ASCII
      string: ""
    headers: 
      Accept: 
      - application/xml
      Authorization: 
      - Basic bW9ja3VzZXI6bW9ja3Bhc3N3b3Jk
      User-Agent: 
      - Faraday v0.8.6
  response: 
    status: 
      code: 200
      message: 
    headers: 
      content-type: 
      - application/xml
      x-backend-runtime: 
      - "0.0013115406036376953"
      server: 
      - Apache-Deltacloud/1.1.1
      x-deltacloud-driver: 
      - mock
      content-length: 
      - "1509"
      x-content-type-options: 
      - nosniff
      etag: 
      - f169cf604834db45a1c473d3038a6c00
      cache-control: 
      - max-age=0, private, must-revalidate
      date: 
      - Mon, 04 Mar 2013 19:51:00 GMT
      connection: 
      - close
    body: 
      encoding: US-ASCII
      string: |
        <?xml version='1.0' encoding='utf-8' ?>
        <addresses>
          <address href='http://localhost:3001/api/addresses/192.168.0.3' id='192.168.0.3'>
            <ip>192.168.0.3</ip>
            <actions>
              <link href='http://localhost:3001/api/addresses/192.168.0.3' method='delete' rel='destroy' />
              <link href='http://localhost:3001/api/addresses/192.168.0.3/associate' method='post' rel='associate' />
            </actions>
          </address>
          <address href='http://localhost:3001/api/addresses/192.168.0.1' id='192.168.0.1'>
            <ip>192.168.0.1</ip>
            <actions>
              <link href='http://localhost:3001/api/addresses/192.168.0.1' method='delete' rel='destroy' />
              <link href='http://localhost:3001/api/addresses/192.168.0.1/associate' method='post' rel='associate' />
            </actions>
          </address>
          <address href='http://localhost:3001/api/addresses/192.168.0.2' id='192.168.0.2'>
            <ip>192.168.0.2</ip>
            <actions>
              <link href='http://localhost:3001/api/addresses/192.168.0.2' method='delete' rel='destroy' />
              <link href='http://localhost:3001/api/addresses/192.168.0.2/associate' method='post' rel='associate' />
            </actions>
          </address>
          <address href='http://localhost:3001/api/addresses/192.168.0.4' id='192.168.0.4'>
            <ip>192.168.0.4</ip>
            <actions>
              <link href='http://localhost:3001/api/addresses/192.168.0.4' method='delete' rel='destroy' />
              <link href='http://localhost:3001/api/addresses/192.168.0.4/associate' method='post' rel='associate' />
            </actions>
          </address>
        </addresses>

    http_version: 
  recorded_at: Mon, 04 Mar 2013 19:51:00 GMT
- request: 
    method: get
    uri: http://localhost:3001/api/addresses
    body: 
      encoding: US-ASCII
      string: ""
    headers: 
      Accept: 
      - application/xml
      Authorization: 
      - Basic bW9ja3VzZXI6bW9ja3Bhc3N3b3Jk
      User-Agent: 
      - Faraday v0.8.6
  response: 
    status: 
      code: 200
      message: 
    headers: 
      content-type: 
      - application/xml
      x-backend-runtime: 
      - "0.0033943653106689453"
      server: 
      - Apache-Deltacloud/1.1.1
      x-deltacloud-driver: 
      - mock
      content-length: 
      - "1509"
      x-content-type-options: 
      - nosniff
      etag: 
      - f169cf604834db45a1c473d3038a6c00
      cache-control: 
      - max-age=0, private, must-revalidate
      date: 
      - Mon, 04 Mar 2013 19:51:00 GMT
      connection: 
      - close
    body: 
      encoding: US-ASCII
      string: |
        <?xml version='1.0' encoding='utf-8' ?>
        <addresses>
          <address href='http://localhost:3001/api/addresses/192.168.0.3' id='192.168.0.3'>
            <ip>192.168.0.3</ip>
            <actions>
              <link href='http://localhost:3001/api/addresses/192.168.0.3' method='delete' rel='destroy' />
              <link href='http://localhost:3001/api/addresses/192.168.0.3/associate' method='post' rel='associate' />
            </actions>
          </address>
          <address href='http://localhost:3001/api/addresses/192.168.0.1' id='192.168.0.1'>
            <ip>192.168.0.1</ip>
            <actions>
              <link href='http://localhost:3001/api/addresses/192.168.0.1' method='delete' rel='destroy' />
              <link href='http://localhost:3001/api/addresses/192.168.0.1/associate' method='post' rel='associate' />
            </actions>
          </address>
          <address href='http://localhost:3001/api/addresses/192.168.0.2' id='192.168.0.2'>
            <ip>192.168.0.2</ip>
            <actions>
              <link href='http://localhost:3001/api/addresses/192.168.0.2' method='delete' rel='destroy' />
              <link href='http://localhost:3001/api/addresses/192.168.0.2/associate' method='post' rel='associate' />
            </actions>
          </address>
          <address href='http://localhost:3001/api/addresses/192.168.0.4' id='192.168.0.4'>
            <ip>192.168.0.4</ip>
            <actions>
              <link href='http://localhost:3001/api/addresses/192.168.0.4' method='delete' rel='destroy' />
              <link href='http://localhost:3001/api/addresses/192.168.0.4/associate' method='post' rel='associate' />
            </actions>
          </address>
        </addresses>

    http_version: 
  recorded_at: Mon, 04 Mar 2013 19:51:00 GMT
recorded_with: VCR 2.4.0
