--- 
http_interactions: 
- request: 
    method: get
    uri: http://localhost:3001/api
    body: 
      encoding: US-ASCII
      string: ""
    headers: 
      Accept: 
      - application/xml
      Authorization: 
      - Basic bW9ja3VzZXI6bW9ja3Bhc3N3b3Jk
      User-Agent: 
      - Faraday v0.8.6
  response: 
    status: 
      code: 200
      message: 
    headers: 
      content-type: 
      - application/xml
      server: 
      - Apache-Deltacloud/1.1.1
      x-deltacloud-driver: 
      - mock
      content-length: 
      - "1368"
      x-content-type-options: 
      - nosniff
      etag: 
      - e43d25244dc2b8ce1da6fa91131507ee
      cache-control: 
      - max-age=0, private, must-revalidate
      date: 
      - Mon, 04 Mar 2013 19:28:08 GMT
      connection: 
      - close
    body: 
      encoding: US-ASCII
      string: |
        <api driver='mock' version='1.1.1'>
          <link href='http://localhost:3001/api/instance_states' rel='instance_states'>
          </link>
          <link href='http://localhost:3001/api/storage_volumes' rel='storage_volumes'>
          </link>
          <link href='http://localhost:3001/api/metrics' rel='metrics'>
          </link>
          <link href='http://localhost:3001/api/hardware_profiles' rel='hardware_profiles'>
          </link>
          <link href='http://localhost:3001/api/instances' rel='instances'>
            <feature name='metrics' rel='create'>
              <param name='metrics' />
            </feature>
            <feature name='realm_filter' rel='index'>
              <param name='realm_id' />
            </feature>
            <feature name='user_name' rel='create'>
              <param name='name' />
            </feature>
            <feature name='authentication_key' rel='create'>
              <param name='keyname' />
            </feature>
          </link>
          <link href='http://localhost:3001/api/realms' rel='realms'>
          </link>
          <link href='http://localhost:3001/api/storage_snapshots' rel='storage_snapshots'>
          </link>
          <link href='http://localhost:3001/api/images' rel='images'>
          </link>
          <link href='http://localhost:3001/api/addresses' rel='addresses'>
          </link>
          <link href='http://localhost:3001/api/drivers' rel='drivers'>
          </link>
          <link href='http://localhost:3001/api/buckets' rel='buckets'>
          </link>
          <link href='http://localhost:3001/api/keys' rel='keys'>
          </link>
        </api>

    http_version: 
  recorded_at: Mon, 04 Mar 2013 19:28:08 GMT
- request: 
    method: get
    uri: http://localhost:3001/api/realms?id=eu
    body: 
      encoding: US-ASCII
      string: ""
    headers: 
      Accept: 
      - application/xml
      Authorization: 
      - Basic bW9ja3VzZXI6bW9ja3Bhc3N3b3Jk
      User-Agent: 
      - Faraday v0.8.6
  response: 
    status: 
      code: 200
      message: 
    headers: 
      content-type: 
      - application/xml
      x-backend-runtime: 
      - "9.083747863769531e-05"
      server: 
      - Apache-Deltacloud/1.1.1
      x-deltacloud-driver: 
      - mock
      content-length: 
      - "184"
      x-content-type-options: 
      - nosniff
      etag: 
      - d7b06f0f8d745d59818cf2259b19af63
      cache-control: 
      - max-age=0, private, must-revalidate
      date: 
      - Mon, 04 Mar 2013 19:28:08 GMT
      connection: 
      - close
    body: 
      encoding: US-ASCII
      string: |
        <?xml version='1.0' encoding='utf-8' ?>
        <realms>
          <realm href='http://localhost:3001/api/realms/eu' id='eu'>
            <name>Europe</name>
            <state>AVAILABLE</state>
          </realm>
        </realms>

    http_version: 
  recorded_at: Mon, 04 Mar 2013 19:28:08 GMT
- request: 
    method: get
    uri: http://localhost:3001/api/realms
    body: 
      encoding: US-ASCII
      string: ""
    headers: 
      Accept: 
      - application/xml
      Authorization: 
      - Basic bW9ja3VzZXI6bW9ja3Bhc3N3b3Jk
      User-Agent: 
      - Faraday v0.8.6
  response: 
    status: 
      code: 200
      message: 
    headers: 
      content-type: 
      - application/xml
      x-backend-runtime: 
      - "8.916854858398438e-05"
      server: 
      - Apache-Deltacloud/1.1.1
      x-deltacloud-driver: 
      - mock
      content-length: 
      - "316"
      x-content-type-options: 
      - nosniff
      etag: 
      - 2cecd42932362c2e0125c0d5c20c51f1
      cache-control: 
      - max-age=0, private, must-revalidate
      date: 
      - Mon, 04 Mar 2013 19:28:08 GMT
      connection: 
      - close
    body: 
      encoding: US-ASCII
      string: |
        <?xml version='1.0' encoding='utf-8' ?>
        <realms>
          <realm href='http://localhost:3001/api/realms/us' id='us'>
            <name>United States</name>
            <state>AVAILABLE</state>
          </realm>
          <realm href='http://localhost:3001/api/realms/eu' id='eu'>
            <name>Europe</name>
            <state>AVAILABLE</state>
          </realm>
        </realms>

    http_version: 
  recorded_at: Mon, 04 Mar 2013 19:28:08 GMT
- request: 
    method: get
    uri: http://localhost:3001/api/realms?id=eu
    body: 
      encoding: US-ASCII
      string: ""
    headers: 
      Accept: 
      - application/xml
      Authorization: 
      - Basic bW9ja3VzZXI6bW9ja3Bhc3N3b3Jk
      User-Agent: 
      - Faraday v0.8.6
  response: 
    status: 
      code: 200
      message: 
    headers: 
      content-type: 
      - application/xml
      x-backend-runtime: 
      - "0.00024247169494628906"
      server: 
      - Apache-Deltacloud/1.1.1
      x-deltacloud-driver: 
      - mock
      content-length: 
      - "184"
      x-content-type-options: 
      - nosniff
      etag: 
      - d7b06f0f8d745d59818cf2259b19af63
      cache-control: 
      - max-age=0, private, must-revalidate
      date: 
      - Mon, 04 Mar 2013 19:29:15 GMT
      connection: 
      - close
    body: 
      encoding: US-ASCII
      string: |
        <?xml version='1.0' encoding='utf-8' ?>
        <realms>
          <realm href='http://localhost:3001/api/realms/eu' id='eu'>
            <name>Europe</name>
            <state>AVAILABLE</state>
          </realm>
        </realms>

    http_version: 
  recorded_at: Mon, 04 Mar 2013 19:29:15 GMT
recorded_with: VCR 2.4.0
